Microsoft Windows [Version 10.0.22631.3880]
(c) Microsoft Corporation. All rights reserved.

C:\Users\dell>cd/

C:\>cd This PC
The system cannot find the path specified.

C:\>cd//
The system cannot find the path specified.

C:\>cd/

C:\>cd E:\Python files\git & github
The system cannot find the path specified.
'github' is not recognized as an internal or external command,
operable program or batch file.

C:\>cd /d E:\Python files\git & github
The system cannot find the path specified.
'github' is not recognized as an internal or external command,
operable program or batch file.

C:\>cd /d E:\Python files\git & github
The system cannot find the path specified.
'github' is not recognized as an internal or external command,
operable program or batch file.

C:\>cd /d E:\Python files\

E:\Python files>cd /d E:\Python files\git & github\
The system cannot find the path specified.
'github\' is not recognized as an internal or external command,
operable program or batch file.

E:\Python files>cd /d E:\Python files\git-github\

E:\Python files\git-github>git clone https://github.com/AhmedNasser9060/my-new-project.git
Cloning into 'my-new-project'...
remote: Enumerating objects: 6, done.
remote: Counting objects: 100% (6/6), done.
remote: Compressing objects: 100% (3/3), done.
remote: Total 6 (delta 0), reused 0 (delta 0), pack-reused 0
Receiving objects: 100% (6/6), done.

E:\Python files\git-github> dir
 Volume in drive E is New Volume
 Volume Serial Number is 0AC0-84F7

 Directory of E:\Python files\git-github

11-Jul-24  06:42 PM    <DIR>          .
11-Jul-24  06:42 PM    <DIR>          ..
11-Jul-24  06:42 PM    <DIR>          my-new-project
               0 File(s)              0 bytes
               3 Dir(s)  310,299,811,840 bytes free

E:\Python files\git-github> cd my-new-project

E:\Python files\git-github\my-new-project>dir
 Volume in drive E is New Volume
 Volume Serial Number is 0AC0-84F7

 Directory of E:\Python files\git-github\my-new-project

11-Jul-24  06:42 PM    <DIR>          .
11-Jul-24  06:42 PM    <DIR>          ..
11-Jul-24  06:42 PM                75 README.md
               1 File(s)             75 bytes
               2 Dir(s)  310,299,811,840 bytes free

E:\Python files\git-github\my-new-project>git status
On branch main
Your branch is up to date with 'origin/main'.

Untracked files:
  (use "git add <file>..." to include in what will be committed)
        css/
        index.html

nothing added to commit but untracked files present (use "git add" to track)

E:\Python files\git-github\my-new-project>git add css\

E:\Python files\git-github\my-new-project>git add css\code.css index.html

E:\Python files\git-github\my-new-project>git status
On branch main
Your branch is up to date with 'origin/main'.

Changes to be committed:
  (use "git restore --staged <file>..." to unstage)
        new file:   css/code.css
        new file:   index.html


E:\Python files\git-github\my-new-project>git add medo.txt

E:\Python files\git-github\my-new-project>git status
On branch main
Your branch is up to date with 'origin/main'.

Changes to be committed:
  (use "git restore --staged <file>..." to unstage)
        new file:   css/code.css
        new file:   index.html
        new file:   medo.txt


E:\Python files\git-github\my-new-project>git reset head medo.txt

E:\Python files\git-github\my-new-project>git status
On branch main
Your branch is up to date with 'origin/main'.

Changes to be committed:
  (use "git restore --staged <file>..." to unstage)
        new file:   css/code.css
        new file:   index.html

Untracked files:
  (use "git add <file>..." to include in what will be committed)
        medo.txt


E:\Python files\git-github\my-new-project>git add *

E:\Python files\git-github\my-new-project>git status
On branch main
Your branch is up to date with 'origin/main'.

Changes to be committed:
  (use "git restore --staged <file>..." to unstage)
        new file:   css/code.css
        new file:   index.html
        new file:   medo.txt


E:\Python files\git-github\my-new-project>git commit -m "create the main sturcture"
Author identity unknown

*** Please tell me who you are.

Run

  git config --global user.email "you@example.com"
  git config --global user.name "Your Name"

to set your account's default identity.
Omit --global to set the identity only in this repository.

fatal: unable to auto-detect email address (got 'dell@DESKTOP-1VH36J3.(none)')

E:\Python files\git-github\my-new-project>git config --global user.name "Ahmed Nasser"

E:\Python files\git-github\my-new-project>git config --global user.gmail "ahmednasser9060@gmail.com"

E:\Python files\git-github\my-new-project>git commit -m "create the main sturcture"
Author identity unknown

*** Please tell me who you are.

Run

  git config --global user.email "you@example.com"
  git config --global user.name "Your Name"

to set your account's default identity.
Omit --global to set the identity only in this repository.

fatal: unable to auto-detect email address (got 'dell@DESKTOP-1VH36J3.(none)')

E:\Python files\git-github\my-new-project>git config --global user.name "Ahmed Nasser"

E:\Python files\git-github\my-new-project>git config --global user.email "ahmednasser9060@gmail.com"

E:\Python files\git-github\my-new-project>git commit -m "create the main sturcture"
[main 369510c] create the main sturcture
 3 files changed, 0 insertions(+), 0 deletions(-)
 create mode 100644 css/code.css
 create mode 100644 index.html
 create mode 100644 medo.txt

E:\Python files\git-github\my-new-project>git status
On branch main
Your branch is ahead of 'origin/main' by 1 commit.
  (use "git push" to publish your local commits)

nothing to commit, working tree clean

E:\Python files\git-github\my-new-project> get status
'get' is not recognized as an internal or external command,
operable program or batch file.

E:\Python files\git-github\my-new-project> git status
On branch main
Your branch is ahead of 'origin/main' by 1 commit.
  (use "git push" to publish your local commits)

Untracked files:
  (use "git add <file>..." to include in what will be committed)
        medo.xlsx

nothing added to commit but untracked files present (use "git add" to track)

E:\Python files\git-github\my-new-project>git add medo.xlsx

E:\Python files\git-github\my-new-project>git status
On branch main
Your branch is ahead of 'origin/main' by 1 commit.
  (use "git push" to publish your local commits)

Changes to be committed:
  (use "git restore --staged <file>..." to unstage)
        new file:   medo.xlsx


E:\Python files\git-github\my-new-project>git commit -m "add the excel sheet"
[main 40fd2de] add the excel sheet
 1 file changed, 0 insertions(+), 0 deletions(-)
 create mode 100644 medo.xlsx

E:\Python files\git-github\my-new-project>git status
On branch main
Your branch is ahead of 'origin/main' by 2 commits.
  (use "git push" to publish your local commits)

nothing to commit, working tree clean